// Jest Snapshot v1, https://goo.gl/fbAQLP

exports[`ReportLinks renders correctly 1`] = `
<div
  className="project-report-links"
>
  <ul>
    <li
      className="selected enabled"
      data-url="/projects/pro_example/baseline/"
      onClick={[Function]}
    >
      Baseline
    </li>
    <li
      className="enabled"
      data-url="/projects/pro_example/market/"
      onClick={[Function]}
    >
      Market Analysis
    </li>
    <li
      className="enabled"
      data-url="/projects/pro_example/modeling/"
      onClick={[Function]}
    >
      Modeling
    </li>
    <li
      className="enabled"
      data-url="/projects/pro_example/campaign_plan/"
      onClick={[Function]}
    >
      Campaign Plan
    </li>
    <li
      className="enabled"
      data-url="/projects/pro_example/performance/last-week/"
      onClick={[Function]}
    >
      Performance
    </li>
  </ul>
</div>
`;
