// Jest Snapshot v1, https://goo.gl/fbAQLP

exports[`Container renders correctly 1`] = `
<div
  className="container"
>
  I'm inside 
  &lt;Container /&gt;
  .
</div>
`;
