// Jest Snapshot v1, https://goo.gl/fbAQLP

exports[`ErrorContainer renders correctly 1`] = `
<div
  className="container"
>
  <div
    style={
      Object {
        "paddingTop": "4rem",
      }
    }
  >
    <h3>
      error_code
       
      error_title
    </h3>
    <p
      style={
        Object {
          "marginTop": "1rem",
        }
      }
    >
      error_description
    </p>
  </div>
</div>
`;
