// Jest Snapshot v1, https://goo.gl/fbAQLP

exports[`ReleaseNoteDetailsPage renders correctly 1`] = `
"<PageChrome>
  <Container>
    <Breadcrumbs breadcrumbs={{...}} />
    <ReleaseNoteDetails release_note={{...}} />
  </Container>
</PageChrome>"
`;
