// Jest Snapshot v1, https://goo.gl/fbAQLP

exports[`DashboardPage Row select 1`] = `
<div
  className="chrome"
>
  <div
    className="page-chrome__top-chrome"
  >
    <div
      className="page-chrome__top-chrome__content"
    >
      <div
        className="page-header"
      >
        <div
          className="container page-header__inner"
        >
          <a
            href="/dashboard"
          >
            <div
              className="remarkably-logo"
            >
               
            </div>
          </a>
        </div>
      </div>
    </div>
    <div
      className="page-chrome__top-chrome__spacing-fix"
      style={
        Object {
          "height": 76,
        }
      }
    >
       
    </div>
  </div>
  <div
    className="dashboard-content"
  >
    <p>
      Please contact your Account Manager to setup access to your properties
    </p>
  </div>
</div>
`;

exports[`DashboardPage Row view 1`] = `
<div
  className="chrome"
>
  <div
    className="page-chrome__top-chrome"
  >
    <div
      className="page-chrome__top-chrome__content"
    >
      <div
        className="page-header"
      >
        <div
          className="container page-header__inner"
        >
          <a
            href="/dashboard"
          >
            <div
              className="remarkably-logo"
            >
               
            </div>
          </a>
        </div>
      </div>
    </div>
    <div
      className="page-chrome__top-chrome__spacing-fix"
      style={
        Object {
          "height": 76,
        }
      }
    >
       
    </div>
  </div>
  <div
    className="dashboard-content"
  >
    <p>
      Please contact your Account Manager to setup access to your properties
    </p>
  </div>
</div>
`;

exports[`DashboardPage renders correctly 1`] = `
<div
  className="chrome"
>
  <div
    className="page-chrome__top-chrome"
  >
    <div
      className="page-chrome__top-chrome__content"
    >
      <div
        className="page-header"
      >
        <div
          className="container page-header__inner"
        >
          <a
            href="/dashboard"
          >
            <div
              className="remarkably-logo"
            >
               
            </div>
          </a>
        </div>
      </div>
    </div>
    <div
      className="page-chrome__top-chrome__spacing-fix"
      style={
        Object {
          "height": 76,
        }
      }
    >
       
    </div>
  </div>
  <div
    className="dashboard-content"
  >
    <p>
      Please contact your Account Manager to setup access to your properties
    </p>
  </div>
</div>
`;
