// Jest Snapshot v1, https://goo.gl/fbAQLP

exports[`ProjectLink renders correctly 1`] = `
<a
  className="project_link"
  href="/"
>
  <div
    className="project_link__arrow"
  />
  <div
    className="project_link__image"
    style={
      Object {
        "backgroundImage": "url(\\"https://i.imgur.com/UEH4gfU.jpg\\")",
      }
    }
  />
  <div
    className="project_link__name"
  >
    Meridian SLC
  </div>
  <div
    className="property-status property-status--on-track"
  >
    ON TRACK
  </div>
</a>
`;
