// Jest Snapshot v1, https://goo.gl/fbAQLP

exports[`RemarkablyLogo renders correctly 1`] = `
<div
  className="remarkably-logo"
>
  Â 
</div>
`;
